Archive member included to satisfy reference by file (symbol)

/usr/local/Cellar/avr-gcc/6.2.0/lib/gcc/avr/6.2.0/../../../../avr/lib/avr5/libprintf_flt.a(vfprintf_flt.o)
                              (vfprintf)
/Users/BillySullivan/Documents/workspace/RBELib/Release/libRBELib.a(Debug.o)
                              ./SRC/main.o (initRBELib)
/Users/BillySullivan/Documents/workspace/RBELib/Release/libRBELib.a(SetServo.o)
                              /Users/BillySullivan/Documents/workspace/RBELib/Release/libRBELib.a(Debug.o) (initAltCom)
/usr/local/Cellar/avr-gcc/6.2.0/lib/gcc/avr/6.2.0/avr5/libgcc.a(_udivmodsi4.o)
                              ./SRC/USARTDebug.o (__udivmodsi4)
/usr/local/Cellar/avr-gcc/6.2.0/lib/gcc/avr/6.2.0/avr5/libgcc.a(_exit.o)
                              /usr/local/Cellar/avr-gcc/6.2.0/lib/gcc/avr/6.2.0/../../../../avr/lib/avr5/crtatmega644p.o (exit)
/usr/local/Cellar/avr-gcc/6.2.0/lib/gcc/avr/6.2.0/avr5/libgcc.a(_copy_data.o)
                              ./SRC/main.o (__do_copy_data)
/usr/local/Cellar/avr-gcc/6.2.0/lib/gcc/avr/6.2.0/avr5/libgcc.a(_clear_bss.o)
                              ./SRC/main.o (__do_clear_bss)
/usr/local/Cellar/avr-gcc/6.2.0/lib/gcc/avr/6.2.0/avr5/libgcc.a(_prologue.o)
                              /usr/local/Cellar/avr-gcc/6.2.0/lib/gcc/avr/6.2.0/../../../../avr/lib/avr5/libprintf_flt.a(vfprintf_flt.o) (__prologue_saves__)
/usr/local/Cellar/avr-gcc/6.2.0/lib/gcc/avr/6.2.0/avr5/libgcc.a(_epilogue.o)
                              /usr/local/Cellar/avr-gcc/6.2.0/lib/gcc/avr/6.2.0/../../../../avr/lib/avr5/libprintf_flt.a(vfprintf_flt.o) (__epilogue_restores__)
/usr/local/Cellar/avr-gcc/6.2.0/lib/gcc/avr/6.2.0/../../../../avr/lib/avr5/libc.a(ftoa_engine.o)
                              /usr/local/Cellar/avr-gcc/6.2.0/lib/gcc/avr/6.2.0/../../../../avr/lib/avr5/libprintf_flt.a(vfprintf_flt.o) (__ftoa_engine)
/usr/local/Cellar/avr-gcc/6.2.0/lib/gcc/avr/6.2.0/../../../../avr/lib/avr5/libc.a(strnlen_P.o)
                              /usr/local/Cellar/avr-gcc/6.2.0/lib/gcc/avr/6.2.0/../../../../avr/lib/avr5/libprintf_flt.a(vfprintf_flt.o) (strnlen_P)
/usr/local/Cellar/avr-gcc/6.2.0/lib/gcc/avr/6.2.0/../../../../avr/lib/avr5/libc.a(strnlen.o)
                              /usr/local/Cellar/avr-gcc/6.2.0/lib/gcc/avr/6.2.0/../../../../avr/lib/avr5/libprintf_flt.a(vfprintf_flt.o) (strnlen)
/usr/local/Cellar/avr-gcc/6.2.0/lib/gcc/avr/6.2.0/../../../../avr/lib/avr5/libc.a(fputc.o)
                              /usr/local/Cellar/avr-gcc/6.2.0/lib/gcc/avr/6.2.0/../../../../avr/lib/avr5/libprintf_flt.a(vfprintf_flt.o) (fputc)
/usr/local/Cellar/avr-gcc/6.2.0/lib/gcc/avr/6.2.0/../../../../avr/lib/avr5/libc.a(iob.o)
                              /Users/BillySullivan/Documents/workspace/RBELib/Release/libRBELib.a(Debug.o) (__iob)
/usr/local/Cellar/avr-gcc/6.2.0/lib/gcc/avr/6.2.0/../../../../avr/lib/avr5/libc.a(printf.o)
                              ./SRC/main.o (printf)
/usr/local/Cellar/avr-gcc/6.2.0/lib/gcc/avr/6.2.0/../../../../avr/lib/avr5/libc.a(sprintf.o)
                              /Users/BillySullivan/Documents/workspace/RBELib/Release/libRBELib.a(SetServo.o) (sprintf)
/usr/local/Cellar/avr-gcc/6.2.0/lib/gcc/avr/6.2.0/../../../../avr/lib/avr5/libc.a(ultoa_invert.o)
                              /usr/local/Cellar/avr-gcc/6.2.0/lib/gcc/avr/6.2.0/../../../../avr/lib/avr5/libprintf_flt.a(vfprintf_flt.o) (__ultoa_invert)

Allocating common symbols
Common symbol       size              file

downcycle           0x1               ./SRC/main.o
tot_overflow        0x1               ./SRC/main.o
low                 0x1               ./SRC/main.o
count               0x1               ./SRC/main.o
__iob               0x6               /usr/local/Cellar/avr-gcc/6.2.0/lib/gcc/avr/6.2.0/../../../../avr/lib/avr5/libc.a(iob.o)

Memory Configuration

Name             Origin             Length             Attributes
text             0x0000000000000000 0x0000000000020000 xr
data             0x0000000000800060 0x000000000000ffa0 rw !x
eeprom           0x0000000000810000 0x0000000000010000 rw !x
fuse             0x0000000000820000 0x0000000000000400 rw !x
lock             0x0000000000830000 0x0000000000000400 rw !x
signature        0x0000000000840000 0x0000000000000400 rw !x
*default*        0x0000000000000000 0xffffffffffffffff

Linker script and memory map

Address of section .data set to 0x800100
LOAD /usr/local/Cellar/avr-gcc/6.2.0/lib/gcc/avr/6.2.0/../../../../avr/lib/avr5/crtatmega644p.o
LOAD /usr/local/Cellar/avr-gcc/6.2.0/lib/gcc/avr/6.2.0/../../../../avr/lib/avr5/libprintf_flt.a
LOAD /usr/local/Cellar/avr-gcc/6.2.0/lib/gcc/avr/6.2.0/../../../../avr/lib/avr5/libm.a
LOAD ./SRC/ADC.o
LOAD ./SRC/USARTDebug.o
LOAD ./SRC/main.o
LOAD /Users/BillySullivan/Documents/workspace/RBELib/Release/libRBELib.a
START GROUP
LOAD /usr/local/Cellar/avr-gcc/6.2.0/lib/gcc/avr/6.2.0/avr5/libgcc.a
LOAD /usr/local/Cellar/avr-gcc/6.2.0/lib/gcc/avr/6.2.0/../../../../avr/lib/avr5/libm.a
LOAD /usr/local/Cellar/avr-gcc/6.2.0/lib/gcc/avr/6.2.0/../../../../avr/lib/avr5/libc.a
LOAD /usr/local/Cellar/avr-gcc/6.2.0/lib/gcc/avr/6.2.0/../../../../avr/lib/avr5/libatmega644p.a
END GROUP

.hash
 *(.hash)

.dynsym
 *(.dynsym)

.dynstr
 *(.dynstr)

.gnu.version
 *(.gnu.version)

.gnu.version_d
 *(.gnu.version_d)

.gnu.version_r
 *(.gnu.version_r)

.rel.init
 *(.rel.init)

.rela.init
 *(.rela.init)

.rel.text
 *(.rel.text)
 *(.rel.text.*)
 *(.rel.gnu.linkonce.t*)

.rela.text
 *(.rela.text)
 *(.rela.text.*)
 *(.rela.gnu.linkonce.t*)

.rel.fini
 *(.rel.fini)

.rela.fini
 *(.rela.fini)

.rel.rodata
 *(.rel.rodata)
 *(.rel.rodata.*)
 *(.rel.gnu.linkonce.r*)

.rela.rodata
 *(.rela.rodata)
 *(.rela.rodata.*)
 *(.rela.gnu.linkonce.r*)

.rel.data
 *(.rel.data)
 *(.rel.data.*)
 *(.rel.gnu.linkonce.d*)

.rela.data
 *(.rela.data)
 *(.rela.data.*)
 *(.rela.gnu.linkonce.d*)

.rel.ctors
 *(.rel.ctors)

.rela.ctors
 *(.rela.ctors)

.rel.dtors
 *(.rel.dtors)

.rela.dtors
 *(.rela.dtors)

.rel.got
 *(.rel.got)

.rela.got
 *(.rela.got)

.rel.bss
 *(.rel.bss)

.rela.bss
 *(.rela.bss)

.rel.plt
 *(.rel.plt)

.rela.plt
 *(.rela.plt)

.text           0x0000000000000000     0x1058
 *(.vectors)
 .vectors       0x0000000000000000       0x7c /usr/local/Cellar/avr-gcc/6.2.0/lib/gcc/avr/6.2.0/../../../../avr/lib/avr5/crtatmega644p.o
                0x0000000000000000                __vectors
                0x0000000000000000                __vector_default
 *(.vectors)
 *(.progmem.gcc*)
                0x000000000000007c                . = ALIGN (0x2)
                0x000000000000007c                __trampolines_start = .
 *(.trampolines)
 .trampolines   0x000000000000007c        0x0 linker stubs
 *(.trampolines*)
                0x000000000000007c                __trampolines_end = .
 *(.progmem*)
 .progmem.data  0x000000000000007c        0x8 /usr/local/Cellar/avr-gcc/6.2.0/lib/gcc/avr/6.2.0/../../../../avr/lib/avr5/libprintf_flt.a(vfprintf_flt.o)
 .progmem.data  0x0000000000000084       0xfa /usr/local/Cellar/avr-gcc/6.2.0/lib/gcc/avr/6.2.0/../../../../avr/lib/avr5/libc.a(ftoa_engine.o)
                0x000000000000017e                . = ALIGN (0x2)
 *(.jumptables)
 *(.jumptables*)
 *(.lowtext)
 *(.lowtext*)
                0x000000000000017e                __ctors_start = .
 *(.ctors)
                0x000000000000017e                __ctors_end = .
                0x000000000000017e                __dtors_start = .
 *(.dtors)
                0x000000000000017e                __dtors_end = .
 SORT(*)(.ctors)
 SORT(*)(.dtors)
 *(.init0)
 .init0         0x000000000000017e        0x0 /usr/local/Cellar/avr-gcc/6.2.0/lib/gcc/avr/6.2.0/../../../../avr/lib/avr5/crtatmega644p.o
                0x000000000000017e                __init
 *(.init0)
 *(.init1)
 *(.init1)
 *(.init2)
 .init2         0x000000000000017e        0xc /usr/local/Cellar/avr-gcc/6.2.0/lib/gcc/avr/6.2.0/../../../../avr/lib/avr5/crtatmega644p.o
 *(.init2)
 *(.init3)
 *(.init3)
 *(.init4)
 .init4         0x000000000000018a       0x16 /usr/local/Cellar/avr-gcc/6.2.0/lib/gcc/avr/6.2.0/avr5/libgcc.a(_copy_data.o)
                0x000000000000018a                __do_copy_data
 .init4         0x00000000000001a0       0x10 /usr/local/Cellar/avr-gcc/6.2.0/lib/gcc/avr/6.2.0/avr5/libgcc.a(_clear_bss.o)
                0x00000000000001a0                __do_clear_bss
 *(.init4)
 *(.init5)
 *(.init5)
 *(.init6)
 *(.init6)
 *(.init7)
 *(.init7)
 *(.init8)
 *(.init8)
 *(.init9)
 .init9         0x00000000000001b0        0x8 /usr/local/Cellar/avr-gcc/6.2.0/lib/gcc/avr/6.2.0/../../../../avr/lib/avr5/crtatmega644p.o
 *(.init9)
 *(.text)
 .text          0x00000000000001b8        0x4 /usr/local/Cellar/avr-gcc/6.2.0/lib/gcc/avr/6.2.0/../../../../avr/lib/avr5/crtatmega644p.o
                0x00000000000001b8                __vector_20
                0x00000000000001b8                __vector_28
                0x00000000000001b8                __vector_1
                0x00000000000001b8                __vector_24
                0x00000000000001b8                __vector_12
                0x00000000000001b8                __bad_interrupt
                0x00000000000001b8                __vector_6
                0x00000000000001b8                __vector_3
                0x00000000000001b8                __vector_23
                0x00000000000001b8                __vector_30
                0x00000000000001b8                __vector_25
                0x00000000000001b8                __vector_11
                0x00000000000001b8                __vector_13
                0x00000000000001b8                __vector_17
                0x00000000000001b8                __vector_19
                0x00000000000001b8                __vector_7
                0x00000000000001b8                __vector_27
                0x00000000000001b8                __vector_5
                0x00000000000001b8                __vector_4
                0x00000000000001b8                __vector_9
                0x00000000000001b8                __vector_2
                0x00000000000001b8                __vector_21
                0x00000000000001b8                __vector_15
                0x00000000000001b8                __vector_29
                0x00000000000001b8                __vector_8
                0x00000000000001b8                __vector_26
                0x00000000000001b8                __vector_14
                0x00000000000001b8                __vector_10
                0x00000000000001b8                __vector_16
                0x00000000000001b8                __vector_22
 .text          0x00000000000001bc        0x0 /usr/local/Cellar/avr-gcc/6.2.0/lib/gcc/avr/6.2.0/../../../../avr/lib/avr5/libprintf_flt.a(vfprintf_flt.o)
 .text          0x00000000000001bc        0x0 ./SRC/ADC.o
 .text          0x00000000000001bc        0x0 ./SRC/USARTDebug.o
 .text          0x00000000000001bc        0x0 ./SRC/main.o
 .text          0x00000000000001bc        0x0 /Users/BillySullivan/Documents/workspace/RBELib/Release/libRBELib.a(Debug.o)
 .text          0x00000000000001bc        0x0 /Users/BillySullivan/Documents/workspace/RBELib/Release/libRBELib.a(SetServo.o)
 .text          0x00000000000001bc        0x0 /usr/local/Cellar/avr-gcc/6.2.0/lib/gcc/avr/6.2.0/avr5/libgcc.a(_udivmodsi4.o)
 .text          0x00000000000001bc        0x0 /usr/local/Cellar/avr-gcc/6.2.0/lib/gcc/avr/6.2.0/avr5/libgcc.a(_exit.o)
 .text          0x00000000000001bc        0x0 /usr/local/Cellar/avr-gcc/6.2.0/lib/gcc/avr/6.2.0/avr5/libgcc.a(_copy_data.o)
 .text          0x00000000000001bc        0x0 /usr/local/Cellar/avr-gcc/6.2.0/lib/gcc/avr/6.2.0/avr5/libgcc.a(_clear_bss.o)
 .text          0x00000000000001bc        0x0 /usr/local/Cellar/avr-gcc/6.2.0/lib/gcc/avr/6.2.0/avr5/libgcc.a(_prologue.o)
 .text          0x00000000000001bc        0x0 /usr/local/Cellar/avr-gcc/6.2.0/lib/gcc/avr/6.2.0/avr5/libgcc.a(_epilogue.o)
 .text          0x00000000000001bc        0x0 /usr/local/Cellar/avr-gcc/6.2.0/lib/gcc/avr/6.2.0/../../../../avr/lib/avr5/libc.a(ftoa_engine.o)
 .text          0x00000000000001bc        0x0 /usr/local/Cellar/avr-gcc/6.2.0/lib/gcc/avr/6.2.0/../../../../avr/lib/avr5/libc.a(strnlen_P.o)
 .text          0x00000000000001bc        0x0 /usr/local/Cellar/avr-gcc/6.2.0/lib/gcc/avr/6.2.0/../../../../avr/lib/avr5/libc.a(strnlen.o)
 .text          0x00000000000001bc        0x0 /usr/local/Cellar/avr-gcc/6.2.0/lib/gcc/avr/6.2.0/../../../../avr/lib/avr5/libc.a(fputc.o)
 .text          0x00000000000001bc        0x0 /usr/local/Cellar/avr-gcc/6.2.0/lib/gcc/avr/6.2.0/../../../../avr/lib/avr5/libc.a(iob.o)
 .text          0x00000000000001bc        0x0 /usr/local/Cellar/avr-gcc/6.2.0/lib/gcc/avr/6.2.0/../../../../avr/lib/avr5/libc.a(printf.o)
 .text          0x00000000000001bc        0x0 /usr/local/Cellar/avr-gcc/6.2.0/lib/gcc/avr/6.2.0/../../../../avr/lib/avr5/libc.a(sprintf.o)
 .text          0x00000000000001bc        0x0 /usr/local/Cellar/avr-gcc/6.2.0/lib/gcc/avr/6.2.0/../../../../avr/lib/avr5/libc.a(ultoa_invert.o)
                0x00000000000001bc                . = ALIGN (0x2)
 *(.text.*)
 .text.avr-libc
                0x00000000000001bc      0x70c /usr/local/Cellar/avr-gcc/6.2.0/lib/gcc/avr/6.2.0/../../../../avr/lib/avr5/libprintf_flt.a(vfprintf_flt.o)
                0x00000000000001bc                vfprintf
 .text.initADC  0x00000000000008c8       0x1a ./SRC/ADC.o
                0x00000000000008c8                initADC
 .text.clearADC
                0x00000000000008e2        0xa ./SRC/ADC.o
                0x00000000000008e2                clearADC
 .text.changeADC
                0x00000000000008ec       0x10 ./SRC/ADC.o
                0x00000000000008ec                changeADC
 .text.getADC   0x00000000000008fc       0x28 ./SRC/ADC.o
                0x00000000000008fc                getADC
 .text.debugUSARTInit
                0x0000000000000924       0x40 ./SRC/USARTDebug.o
                0x0000000000000924                debugUSARTInit
 .text.putCharDebug
                0x0000000000000964        0xe ./SRC/USARTDebug.o
                0x0000000000000964                putCharDebug
 .text.getCharDebug
                0x0000000000000972        0xe ./SRC/USARTDebug.o
                0x0000000000000972                getCharDebug
 .text.programThatOutputsASquareWave
                0x0000000000000980        0x2 ./SRC/main.o
                0x0000000000000980                programThatOutputsASquareWave
 .text.programThatTestsTheButtons
                0x0000000000000982       0x52 ./SRC/main.o
                0x0000000000000982                programThatTestsTheButtons
 .text.initTC0  0x00000000000009d4       0x1c ./SRC/main.o
                0x00000000000009d4                initTC0
 .text.__vector_18
                0x00000000000009f0       0x4c ./SRC/main.o
                0x00000000000009f0                __vector_18
 .text.startup.main
                0x0000000000000a3c      0x120 ./SRC/main.o
                0x0000000000000a3c                main
 .text.printfRBE
                0x0000000000000b5c        0xa /Users/BillySullivan/Documents/workspace/RBELib/Release/libRBELib.a(Debug.o)
                0x0000000000000b5c                printfRBE
 .text.initRBELib
                0x0000000000000b66       0x18 /Users/BillySullivan/Documents/workspace/RBELib/Release/libRBELib.a(Debug.o)
                0x0000000000000b66                initRBELib
 .text.initAltCom
                0x0000000000000b7e       0x38 /Users/BillySullivan/Documents/workspace/RBELib/Release/libRBELib.a(SetServo.o)
                0x0000000000000b7e                initAltCom
 .text.setCharDebug
                0x0000000000000bb6        0xe /Users/BillySullivan/Documents/workspace/RBELib/Release/libRBELib.a(SetServo.o)
                0x0000000000000bb6                setCharDebug
 .text.coPrintf
                0x0000000000000bc4       0x18 /Users/BillySullivan/Documents/workspace/RBELib/Release/libRBELib.a(SetServo.o)
                0x0000000000000bc4                coPrintf
 .text.setServo
                0x0000000000000bdc       0x5c /Users/BillySullivan/Documents/workspace/RBELib/Release/libRBELib.a(SetServo.o)
                0x0000000000000bdc                setServo
 .text.libgcc.mul
                0x0000000000000c38        0x0 /usr/local/Cellar/avr-gcc/6.2.0/lib/gcc/avr/6.2.0/avr5/libgcc.a(_udivmodsi4.o)
 .text.libgcc.div
                0x0000000000000c38       0x44 /usr/local/Cellar/avr-gcc/6.2.0/lib/gcc/avr/6.2.0/avr5/libgcc.a(_udivmodsi4.o)
                0x0000000000000c38                __udivmodsi4
 .text.libgcc   0x0000000000000c7c        0x0 /usr/local/Cellar/avr-gcc/6.2.0/lib/gcc/avr/6.2.0/avr5/libgcc.a(_udivmodsi4.o)
 .text.libgcc.prologue
                0x0000000000000c7c        0x0 /usr/local/Cellar/avr-gcc/6.2.0/lib/gcc/avr/6.2.0/avr5/libgcc.a(_udivmodsi4.o)
 .text.libgcc.builtins
                0x0000000000000c7c        0x0 /usr/local/Cellar/avr-gcc/6.2.0/lib/gcc/avr/6.2.0/avr5/libgcc.a(_udivmodsi4.o)
 .text.libgcc.fmul
                0x0000000000000c7c        0x0 /usr/local/Cellar/avr-gcc/6.2.0/lib/gcc/avr/6.2.0/avr5/libgcc.a(_udivmodsi4.o)
 .text.libgcc.fixed
                0x0000000000000c7c        0x0 /usr/local/Cellar/avr-gcc/6.2.0/lib/gcc/avr/6.2.0/avr5/libgcc.a(_udivmodsi4.o)
 .text.libgcc.mul
                0x0000000000000c7c        0x0 /usr/local/Cellar/avr-gcc/6.2.0/lib/gcc/avr/6.2.0/avr5/libgcc.a(_exit.o)
 .text.libgcc.div
                0x0000000000000c7c        0x0 /usr/local/Cellar/avr-gcc/6.2.0/lib/gcc/avr/6.2.0/avr5/libgcc.a(_exit.o)
 .text.libgcc   0x0000000000000c7c        0x0 /usr/local/Cellar/avr-gcc/6.2.0/lib/gcc/avr/6.2.0/avr5/libgcc.a(_exit.o)
 .text.libgcc.prologue
                0x0000000000000c7c        0x0 /usr/local/Cellar/avr-gcc/6.2.0/lib/gcc/avr/6.2.0/avr5/libgcc.a(_exit.o)
 .text.libgcc.builtins
                0x0000000000000c7c        0x0 /usr/local/Cellar/avr-gcc/6.2.0/lib/gcc/avr/6.2.0/avr5/libgcc.a(_exit.o)
 .text.libgcc.fmul
                0x0000000000000c7c        0x0 /usr/local/Cellar/avr-gcc/6.2.0/lib/gcc/avr/6.2.0/avr5/libgcc.a(_exit.o)
 .text.libgcc.fixed
                0x0000000000000c7c        0x0 /usr/local/Cellar/avr-gcc/6.2.0/lib/gcc/avr/6.2.0/avr5/libgcc.a(_exit.o)
 .text.libgcc.mul
                0x0000000000000c7c        0x0 /usr/local/Cellar/avr-gcc/6.2.0/lib/gcc/avr/6.2.0/avr5/libgcc.a(_copy_data.o)
 .text.libgcc.div
                0x0000000000000c7c        0x0 /usr/local/Cellar/avr-gcc/6.2.0/lib/gcc/avr/6.2.0/avr5/libgcc.a(_copy_data.o)
 .text.libgcc   0x0000000000000c7c        0x0 /usr/local/Cellar/avr-gcc/6.2.0/lib/gcc/avr/6.2.0/avr5/libgcc.a(_copy_data.o)
 .text.libgcc.prologue
                0x0000000000000c7c        0x0 /usr/local/Cellar/avr-gcc/6.2.0/lib/gcc/avr/6.2.0/avr5/libgcc.a(_copy_data.o)
 .text.libgcc.builtins
                0x0000000000000c7c        0x0 /usr/local/Cellar/avr-gcc/6.2.0/lib/gcc/avr/6.2.0/avr5/libgcc.a(_copy_data.o)
 .text.libgcc.fmul
                0x0000000000000c7c        0x0 /usr/local/Cellar/avr-gcc/6.2.0/lib/gcc/avr/6.2.0/avr5/libgcc.a(_copy_data.o)
 .text.libgcc.fixed
                0x0000000000000c7c        0x0 /usr/local/Cellar/avr-gcc/6.2.0/lib/gcc/avr/6.2.0/avr5/libgcc.a(_copy_data.o)
 .text.libgcc.mul
                0x0000000000000c7c        0x0 /usr/local/Cellar/avr-gcc/6.2.0/lib/gcc/avr/6.2.0/avr5/libgcc.a(_clear_bss.o)
 .text.libgcc.div
                0x0000000000000c7c        0x0 /usr/local/Cellar/avr-gcc/6.2.0/lib/gcc/avr/6.2.0/avr5/libgcc.a(_clear_bss.o)
 .text.libgcc   0x0000000000000c7c        0x0 /usr/local/Cellar/avr-gcc/6.2.0/lib/gcc/avr/6.2.0/avr5/libgcc.a(_clear_bss.o)
 .text.libgcc.prologue
                0x0000000000000c7c        0x0 /usr/local/Cellar/avr-gcc/6.2.0/lib/gcc/avr/6.2.0/avr5/libgcc.a(_clear_bss.o)
 .text.libgcc.builtins
                0x0000000000000c7c        0x0 /usr/local/Cellar/avr-gcc/6.2.0/lib/gcc/avr/6.2.0/avr5/libgcc.a(_clear_bss.o)
 .text.libgcc.fmul
                0x0000000000000c7c        0x0 /usr/local/Cellar/avr-gcc/6.2.0/lib/gcc/avr/6.2.0/avr5/libgcc.a(_clear_bss.o)
 .text.libgcc.fixed
                0x0000000000000c7c        0x0 /usr/local/Cellar/avr-gcc/6.2.0/lib/gcc/avr/6.2.0/avr5/libgcc.a(_clear_bss.o)
 .text.libgcc.mul
                0x0000000000000c7c        0x0 /usr/local/Cellar/avr-gcc/6.2.0/lib/gcc/avr/6.2.0/avr5/libgcc.a(_prologue.o)
 .text.libgcc.div
                0x0000000000000c7c        0x0 /usr/local/Cellar/avr-gcc/6.2.0/lib/gcc/avr/6.2.0/avr5/libgcc.a(_prologue.o)
 .text.libgcc   0x0000000000000c7c        0x0 /usr/local/Cellar/avr-gcc/6.2.0/lib/gcc/avr/6.2.0/avr5/libgcc.a(_prologue.o)
 .text.libgcc.prologue
                0x0000000000000c7c       0x38 /usr/local/Cellar/avr-gcc/6.2.0/lib/gcc/avr/6.2.0/avr5/libgcc.a(_prologue.o)
                0x0000000000000c7c                __prologue_saves__
 .text.libgcc.builtins
                0x0000000000000cb4        0x0 /usr/local/Cellar/avr-gcc/6.2.0/lib/gcc/avr/6.2.0/avr5/libgcc.a(_prologue.o)
 .text.libgcc.fmul
                0x0000000000000cb4        0x0 /usr/local/Cellar/avr-gcc/6.2.0/lib/gcc/avr/6.2.0/avr5/libgcc.a(_prologue.o)
 .text.libgcc.fixed
                0x0000000000000cb4        0x0 /usr/local/Cellar/avr-gcc/6.2.0/lib/gcc/avr/6.2.0/avr5/libgcc.a(_prologue.o)
 .text.libgcc.mul
                0x0000000000000cb4        0x0 /usr/local/Cellar/avr-gcc/6.2.0/lib/gcc/avr/6.2.0/avr5/libgcc.a(_epilogue.o)
 .text.libgcc.div
                0x0000000000000cb4        0x0 /usr/local/Cellar/avr-gcc/6.2.0/lib/gcc/avr/6.2.0/avr5/libgcc.a(_epilogue.o)
 .text.libgcc   0x0000000000000cb4        0x0 /usr/local/Cellar/avr-gcc/6.2.0/lib/gcc/avr/6.2.0/avr5/libgcc.a(_epilogue.o)
 .text.libgcc.prologue
                0x0000000000000cb4       0x36 /usr/local/Cellar/avr-gcc/6.2.0/lib/gcc/avr/6.2.0/avr5/libgcc.a(_epilogue.o)
                0x0000000000000cb4                __epilogue_restores__
 .text.libgcc.builtins
                0x0000000000000cea        0x0 /usr/local/Cellar/avr-gcc/6.2.0/lib/gcc/avr/6.2.0/avr5/libgcc.a(_epilogue.o)
 .text.libgcc.fmul
                0x0000000000000cea        0x0 /usr/local/Cellar/avr-gcc/6.2.0/lib/gcc/avr/6.2.0/avr5/libgcc.a(_epilogue.o)
 .text.libgcc.fixed
                0x0000000000000cea        0x0 /usr/local/Cellar/avr-gcc/6.2.0/lib/gcc/avr/6.2.0/avr5/libgcc.a(_epilogue.o)
 .text.avr-libc
                0x0000000000000cea      0x1b0 /usr/local/Cellar/avr-gcc/6.2.0/lib/gcc/avr/6.2.0/../../../../avr/lib/avr5/libc.a(ftoa_engine.o)
                0x0000000000000cea                __ftoa_engine
 .text.avr-libc
                0x0000000000000e9a       0x16 /usr/local/Cellar/avr-gcc/6.2.0/lib/gcc/avr/6.2.0/../../../../avr/lib/avr5/libc.a(strnlen_P.o)
                0x0000000000000e9a                strnlen_P
 .text.avr-libc
                0x0000000000000eb0       0x16 /usr/local/Cellar/avr-gcc/6.2.0/lib/gcc/avr/6.2.0/../../../../avr/lib/avr5/libc.a(strnlen.o)
                0x0000000000000eb0                strnlen
 .text.avr-libc
                0x0000000000000ec6       0x60 /usr/local/Cellar/avr-gcc/6.2.0/lib/gcc/avr/6.2.0/../../../../avr/lib/avr5/libc.a(fputc.o)
                0x0000000000000ec6                fputc
 .text.avr-libc
                0x0000000000000f26       0x2c /usr/local/Cellar/avr-gcc/6.2.0/lib/gcc/avr/6.2.0/../../../../avr/lib/avr5/libc.a(printf.o)
                0x0000000000000f26                printf
 .text.avr-libc
                0x0000000000000f52       0x46 /usr/local/Cellar/avr-gcc/6.2.0/lib/gcc/avr/6.2.0/../../../../avr/lib/avr5/libc.a(sprintf.o)
                0x0000000000000f52                sprintf
 .text.avr-libc
                0x0000000000000f98       0xbc /usr/local/Cellar/avr-gcc/6.2.0/lib/gcc/avr/6.2.0/../../../../avr/lib/avr5/libc.a(ultoa_invert.o)
                0x0000000000000f98                __ultoa_invert
                0x0000000000001054                . = ALIGN (0x2)
 *(.fini9)
 .fini9         0x0000000000001054        0x0 /usr/local/Cellar/avr-gcc/6.2.0/lib/gcc/avr/6.2.0/avr5/libgcc.a(_exit.o)
                0x0000000000001054                exit
                0x0000000000001054                _exit
 *(.fini9)
 *(.fini8)
 *(.fini8)
 *(.fini7)
 *(.fini7)
 *(.fini6)
 *(.fini6)
 *(.fini5)
 *(.fini5)
 *(.fini4)
 *(.fini4)
 *(.fini3)
 *(.fini3)
 *(.fini2)
 *(.fini2)
 *(.fini1)
 *(.fini1)
 *(.fini0)
 .fini0         0x0000000000001054        0x4 /usr/local/Cellar/avr-gcc/6.2.0/lib/gcc/avr/6.2.0/avr5/libgcc.a(_exit.o)
 *(.fini0)
                0x0000000000001058                _etext = .

.data           0x0000000000800100       0x34 load address 0x0000000000001058
                0x0000000000800100                PROVIDE (__data_start, .)
 *(.data)
 .data          0x0000000000800100        0x0 /usr/local/Cellar/avr-gcc/6.2.0/lib/gcc/avr/6.2.0/../../../../avr/lib/avr5/crtatmega644p.o
 .data          0x0000000000800100        0x0 /usr/local/Cellar/avr-gcc/6.2.0/lib/gcc/avr/6.2.0/../../../../avr/lib/avr5/libprintf_flt.a(vfprintf_flt.o)
 .data          0x0000000000800100        0x0 ./SRC/ADC.o
 .data          0x0000000000800100        0x0 ./SRC/USARTDebug.o
 .data          0x0000000000800100        0x0 ./SRC/main.o
 .data          0x0000000000800100        0x0 /Users/BillySullivan/Documents/workspace/RBELib/Release/libRBELib.a(Debug.o)
 .data          0x0000000000800100        0x0 /Users/BillySullivan/Documents/workspace/RBELib/Release/libRBELib.a(SetServo.o)
 .data          0x0000000000800100        0x0 /usr/local/Cellar/avr-gcc/6.2.0/lib/gcc/avr/6.2.0/avr5/libgcc.a(_udivmodsi4.o)
 .data          0x0000000000800100        0x0 /usr/local/Cellar/avr-gcc/6.2.0/lib/gcc/avr/6.2.0/avr5/libgcc.a(_exit.o)
 .data          0x0000000000800100        0x0 /usr/local/Cellar/avr-gcc/6.2.0/lib/gcc/avr/6.2.0/avr5/libgcc.a(_copy_data.o)
 .data          0x0000000000800100        0x0 /usr/local/Cellar/avr-gcc/6.2.0/lib/gcc/avr/6.2.0/avr5/libgcc.a(_clear_bss.o)
 .data          0x0000000000800100        0x0 /usr/local/Cellar/avr-gcc/6.2.0/lib/gcc/avr/6.2.0/avr5/libgcc.a(_prologue.o)
 .data          0x0000000000800100        0x0 /usr/local/Cellar/avr-gcc/6.2.0/lib/gcc/avr/6.2.0/avr5/libgcc.a(_epilogue.o)
 .data          0x0000000000800100        0x0 /usr/local/Cellar/avr-gcc/6.2.0/lib/gcc/avr/6.2.0/../../../../avr/lib/avr5/libc.a(ftoa_engine.o)
 .data          0x0000000000800100        0x0 /usr/local/Cellar/avr-gcc/6.2.0/lib/gcc/avr/6.2.0/../../../../avr/lib/avr5/libc.a(strnlen_P.o)
 .data          0x0000000000800100        0x0 /usr/local/Cellar/avr-gcc/6.2.0/lib/gcc/avr/6.2.0/../../../../avr/lib/avr5/libc.a(strnlen.o)
 .data          0x0000000000800100        0x0 /usr/local/Cellar/avr-gcc/6.2.0/lib/gcc/avr/6.2.0/../../../../avr/lib/avr5/libc.a(fputc.o)
 .data          0x0000000000800100        0x0 /usr/local/Cellar/avr-gcc/6.2.0/lib/gcc/avr/6.2.0/../../../../avr/lib/avr5/libc.a(iob.o)
 .data          0x0000000000800100        0x0 /usr/local/Cellar/avr-gcc/6.2.0/lib/gcc/avr/6.2.0/../../../../avr/lib/avr5/libc.a(printf.o)
 .data          0x0000000000800100        0x0 /usr/local/Cellar/avr-gcc/6.2.0/lib/gcc/avr/6.2.0/../../../../avr/lib/avr5/libc.a(sprintf.o)
 .data          0x0000000000800100        0x0 /usr/local/Cellar/avr-gcc/6.2.0/lib/gcc/avr/6.2.0/../../../../avr/lib/avr5/libc.a(ultoa_invert.o)
 *(.data*)
 .data.RBEOut   0x0000000000800100        0xe /Users/BillySullivan/Documents/workspace/RBELib/Release/libRBELib.a(Debug.o)
 *(.rodata)
 *(.rodata*)
 .rodata.main.str1.1
                0x000000000080010e       0x12 ./SRC/main.o
 .rodata.setServo.str1.1
                0x0000000000800120       0x14 /Users/BillySullivan/Documents/workspace/RBELib/Release/libRBELib.a(SetServo.o)
 *(.gnu.linkonce.d*)
                0x0000000000800134                . = ALIGN (0x2)
                0x0000000000800134                _edata = .
                0x0000000000800134                PROVIDE (__data_end, .)

.bss            0x0000000000800134        0xc
                0x0000000000800134                PROVIDE (__bss_start, .)
 *(.bss)
 .bss           0x0000000000800134        0x0 /usr/local/Cellar/avr-gcc/6.2.0/lib/gcc/avr/6.2.0/../../../../avr/lib/avr5/crtatmega644p.o
 .bss           0x0000000000800134        0x0 /usr/local/Cellar/avr-gcc/6.2.0/lib/gcc/avr/6.2.0/../../../../avr/lib/avr5/libprintf_flt.a(vfprintf_flt.o)
 .bss           0x0000000000800134        0x0 ./SRC/ADC.o
 .bss           0x0000000000800134        0x0 ./SRC/USARTDebug.o
 .bss           0x0000000000800134        0x0 ./SRC/main.o
 .bss           0x0000000000800134        0x0 /Users/BillySullivan/Documents/workspace/RBELib/Release/libRBELib.a(Debug.o)
 .bss           0x0000000000800134        0x0 /Users/BillySullivan/Documents/workspace/RBELib/Release/libRBELib.a(SetServo.o)
 .bss           0x0000000000800134        0x0 /usr/local/Cellar/avr-gcc/6.2.0/lib/gcc/avr/6.2.0/avr5/libgcc.a(_udivmodsi4.o)
 .bss           0x0000000000800134        0x0 /usr/local/Cellar/avr-gcc/6.2.0/lib/gcc/avr/6.2.0/avr5/libgcc.a(_exit.o)
 .bss           0x0000000000800134        0x0 /usr/local/Cellar/avr-gcc/6.2.0/lib/gcc/avr/6.2.0/avr5/libgcc.a(_copy_data.o)
 .bss           0x0000000000800134        0x0 /usr/local/Cellar/avr-gcc/6.2.0/lib/gcc/avr/6.2.0/avr5/libgcc.a(_clear_bss.o)
 .bss           0x0000000000800134        0x0 /usr/local/Cellar/avr-gcc/6.2.0/lib/gcc/avr/6.2.0/avr5/libgcc.a(_prologue.o)
 .bss           0x0000000000800134        0x0 /usr/local/Cellar/avr-gcc/6.2.0/lib/gcc/avr/6.2.0/avr5/libgcc.a(_epilogue.o)
 .bss           0x0000000000800134        0x0 /usr/local/Cellar/avr-gcc/6.2.0/lib/gcc/avr/6.2.0/../../../../avr/lib/avr5/libc.a(ftoa_engine.o)
 .bss           0x0000000000800134        0x0 /usr/local/Cellar/avr-gcc/6.2.0/lib/gcc/avr/6.2.0/../../../../avr/lib/avr5/libc.a(strnlen_P.o)
 .bss           0x0000000000800134        0x0 /usr/local/Cellar/avr-gcc/6.2.0/lib/gcc/avr/6.2.0/../../../../avr/lib/avr5/libc.a(strnlen.o)
 .bss           0x0000000000800134        0x0 /usr/local/Cellar/avr-gcc/6.2.0/lib/gcc/avr/6.2.0/../../../../avr/lib/avr5/libc.a(fputc.o)
 .bss           0x0000000000800134        0x0 /usr/local/Cellar/avr-gcc/6.2.0/lib/gcc/avr/6.2.0/../../../../avr/lib/avr5/libc.a(iob.o)
 .bss           0x0000000000800134        0x0 /usr/local/Cellar/avr-gcc/6.2.0/lib/gcc/avr/6.2.0/../../../../avr/lib/avr5/libc.a(printf.o)
 .bss           0x0000000000800134        0x0 /usr/local/Cellar/avr-gcc/6.2.0/lib/gcc/avr/6.2.0/../../../../avr/lib/avr5/libc.a(sprintf.o)
 .bss           0x0000000000800134        0x0 /usr/local/Cellar/avr-gcc/6.2.0/lib/gcc/avr/6.2.0/../../../../avr/lib/avr5/libc.a(ultoa_invert.o)
 *(.bss*)
 .bss.change    0x0000000000800134        0x2 ./SRC/main.o
                0x0000000000800134                change
 *(COMMON)
 COMMON         0x0000000000800136        0x4 ./SRC/main.o
                0x0000000000800136                downcycle
                0x0000000000800137                tot_overflow
                0x0000000000800138                low
                0x0000000000800139                count
 COMMON         0x000000000080013a        0x6 /usr/local/Cellar/avr-gcc/6.2.0/lib/gcc/avr/6.2.0/../../../../avr/lib/avr5/libc.a(iob.o)
                0x000000000080013a                __iob
                0x0000000000800140                PROVIDE (__bss_end, .)
                0x0000000000001058                __data_load_start = LOADADDR (.data)
                0x000000000000108c                __data_load_end = (__data_load_start + SIZEOF (.data))

.noinit         0x0000000000800140        0x0
                0x0000000000800140                PROVIDE (__noinit_start, .)
 *(.noinit*)
                0x0000000000800140                PROVIDE (__noinit_end, .)
                0x0000000000800140                _end = .
                0x0000000000800140                PROVIDE (__heap_start, .)

.eeprom         0x0000000000810000        0x0
 *(.eeprom*)
                0x0000000000810000                __eeprom_end = .

.fuse
 *(.fuse)
 *(.lfuse)
 *(.hfuse)
 *(.efuse)

.lock
 *(.lock*)

.signature
 *(.signature*)

.stab           0x0000000000000000      0x774
 *(.stab)
 .stab          0x0000000000000000      0x234 /usr/local/Cellar/avr-gcc/6.2.0/lib/gcc/avr/6.2.0/avr5/libgcc.a(_udivmodsi4.o)
 .stab          0x0000000000000234       0x6c /usr/local/Cellar/avr-gcc/6.2.0/lib/gcc/avr/6.2.0/avr5/libgcc.a(_exit.o)
                                         0x78 (size before relaxing)
 .stab          0x00000000000002a0       0xd8 /usr/local/Cellar/avr-gcc/6.2.0/lib/gcc/avr/6.2.0/avr5/libgcc.a(_copy_data.o)
                                         0xe4 (size before relaxing)
 .stab          0x0000000000000378       0xb4 /usr/local/Cellar/avr-gcc/6.2.0/lib/gcc/avr/6.2.0/avr5/libgcc.a(_clear_bss.o)
                                         0xc0 (size before relaxing)
 .stab          0x000000000000042c      0x1a4 /usr/local/Cellar/avr-gcc/6.2.0/lib/gcc/avr/6.2.0/avr5/libgcc.a(_prologue.o)
                                        0x1b0 (size before relaxing)
 .stab          0x00000000000005d0      0x1a4 /usr/local/Cellar/avr-gcc/6.2.0/lib/gcc/avr/6.2.0/avr5/libgcc.a(_epilogue.o)
                                        0x1b0 (size before relaxing)

.stabstr        0x0000000000000000      0x101
 *(.stabstr)
 .stabstr       0x0000000000000000      0x101 /usr/local/Cellar/avr-gcc/6.2.0/lib/gcc/avr/6.2.0/avr5/libgcc.a(_udivmodsi4.o)

.stab.excl
 *(.stab.excl)

.stab.exclstr
 *(.stab.exclstr)

.stab.index
 *(.stab.index)

.stab.indexstr
 *(.stab.indexstr)

.comment        0x0000000000000000       0x11
 *(.comment)
 .comment       0x0000000000000000       0x11 /usr/local/Cellar/avr-gcc/6.2.0/lib/gcc/avr/6.2.0/../../../../avr/lib/avr5/libprintf_flt.a(vfprintf_flt.o)
                                         0x12 (size before relaxing)
 .comment       0x0000000000000011       0x12 ./SRC/ADC.o
 .comment       0x0000000000000011       0x12 ./SRC/USARTDebug.o
 .comment       0x0000000000000011       0x12 ./SRC/main.o
 .comment       0x0000000000000011       0x12 /Users/BillySullivan/Documents/workspace/RBELib/Release/libRBELib.a(Debug.o)
 .comment       0x0000000000000011       0x12 /Users/BillySullivan/Documents/workspace/RBELib/Release/libRBELib.a(SetServo.o)
 .comment       0x0000000000000011       0x12 /usr/local/Cellar/avr-gcc/6.2.0/lib/gcc/avr/6.2.0/../../../../avr/lib/avr5/libc.a(fputc.o)
 .comment       0x0000000000000011       0x12 /usr/local/Cellar/avr-gcc/6.2.0/lib/gcc/avr/6.2.0/../../../../avr/lib/avr5/libc.a(iob.o)
 .comment       0x0000000000000011       0x12 /usr/local/Cellar/avr-gcc/6.2.0/lib/gcc/avr/6.2.0/../../../../avr/lib/avr5/libc.a(printf.o)
 .comment       0x0000000000000011       0x12 /usr/local/Cellar/avr-gcc/6.2.0/lib/gcc/avr/6.2.0/../../../../avr/lib/avr5/libc.a(sprintf.o)

.note.gnu.avr.deviceinfo
                0x0000000000000000       0x40
 .note.gnu.avr.deviceinfo
                0x0000000000000000       0x40 /usr/local/Cellar/avr-gcc/6.2.0/lib/gcc/avr/6.2.0/../../../../avr/lib/avr5/crtatmega644p.o

.note.gnu.build-id
 *(.note.gnu.build-id)

.debug
 *(.debug)

.line
 *(.line)

.debug_srcinfo
 *(.debug_srcinfo)

.debug_sfnames
 *(.debug_sfnames)

.debug_aranges
 *(.debug_aranges)

.debug_pubnames
 *(.debug_pubnames)

.debug_info     0x0000000000000000      0x6cc
 *(.debug_info .gnu.linkonce.wi.*)
 .debug_info    0x0000000000000000      0x6cc /usr/local/Cellar/avr-gcc/6.2.0/lib/gcc/avr/6.2.0/../../../../avr/lib/avr5/crtatmega644p.o

.debug_abbrev   0x0000000000000000      0x66e
 *(.debug_abbrev)
 .debug_abbrev  0x0000000000000000      0x66e /usr/local/Cellar/avr-gcc/6.2.0/lib/gcc/avr/6.2.0/../../../../avr/lib/avr5/crtatmega644p.o

.debug_line     0x0000000000000000       0x1d
 *(.debug_line .debug_line.* .debug_line_end)
 .debug_line    0x0000000000000000       0x1d /usr/local/Cellar/avr-gcc/6.2.0/lib/gcc/avr/6.2.0/../../../../avr/lib/avr5/crtatmega644p.o

.debug_frame
 *(.debug_frame)

.debug_str      0x0000000000000000      0x252
 *(.debug_str)
 .debug_str     0x0000000000000000      0x252 /usr/local/Cellar/avr-gcc/6.2.0/lib/gcc/avr/6.2.0/../../../../avr/lib/avr5/crtatmega644p.o

.debug_loc
 *(.debug_loc)

.debug_macinfo
 *(.debug_macinfo)

.debug_weaknames
 *(.debug_weaknames)

.debug_funcnames
 *(.debug_funcnames)

.debug_typenames
 *(.debug_typenames)

.debug_varnames
 *(.debug_varnames)

.debug_pubtypes
 *(.debug_pubtypes)

.debug_ranges
 *(.debug_ranges)

.debug_macro
 *(.debug_macro)
OUTPUT(A16_Example.elf elf32-avr)
LOAD linker stubs
